Archive member included because of file (symbol)

d:/sourcery2013/bin/../lib/gcc/arm-none-eabi/4.7.3/thumb2\libgcc.a(_aeabi_uldivmod.o)
                              ..\obj\xuart.o (__aeabi_uldivmod)
d:/sourcery2013/bin/../lib/gcc/arm-none-eabi/4.7.3/thumb2\libgcc.a(bpabi.o)
                              d:/sourcery2013/bin/../lib/gcc/arm-none-eabi/4.7.3/thumb2\libgcc.a(_aeabi_uldivmod.o) (__gnu_uldivmod_helper)
d:/sourcery2013/bin/../lib/gcc/arm-none-eabi/4.7.3/thumb2\libgcc.a(_dvmd_tls.o)
                              d:/sourcery2013/bin/../lib/gcc/arm-none-eabi/4.7.3/thumb2\libgcc.a(_aeabi_uldivmod.o) (__aeabi_ldiv0)
d:/sourcery2013/bin/../lib/gcc/arm-none-eabi/4.7.3/thumb2\libgcc.a(_divdi3.o)
                              d:/sourcery2013/bin/../lib/gcc/arm-none-eabi/4.7.3/thumb2\libgcc.a(bpabi.o) (__divdi3)
d:/sourcery2013/bin/../lib/gcc/arm-none-eabi/4.7.3/thumb2\libgcc.a(_udivdi3.o)
                              d:/sourcery2013/bin/../lib/gcc/arm-none-eabi/4.7.3/thumb2\libgcc.a(bpabi.o) (__udivdi3)
d:/sourcery2013/bin/../lib/gcc/arm-none-eabi/4.7.3/thumb2\libgcc.a(_udivsi3.o)
                              d:/sourcery2013/bin/../lib/gcc/arm-none-eabi/4.7.3/thumb2\libgcc.a(_divdi3.o) (__aeabi_uidiv)

Discarded input sections

 .text          0x00000000        0x0 ..\obj\startup_coide.o
 .data          0x00000000        0x0 ..\obj\startup_coide.o
 .bss           0x00000000        0x0 ..\obj\startup_coide.o
 .text          0x00000000        0x0 ..\obj\xdebug.o
 .data          0x00000000        0x0 ..\obj\xdebug.o
 .bss           0x00000000        0x0 ..\obj\xdebug.o
 .debug_line    0x00000000        0x0 ..\obj\xdebug.o
 .comment       0x00000000       0x31 ..\obj\xdebug.o
 .ARM.attributes
                0x00000000       0x33 ..\obj\xdebug.o
 .text          0x00000000        0x0 ..\obj\xcore.o
 .data          0x00000000        0x0 ..\obj\xcore.o
 .rodata        0x00000000       0x5c ..\obj\xcore.o
 .text.xCPUcpsid
                0x00000000        0xc ..\obj\xcore.o
 .text.xCPUprimask
                0x00000000        0xc ..\obj\xcore.o
 .text.xCPUcpsie
                0x00000000        0xc ..\obj\xcore.o
 .text.xCPUwfi  0x00000000        0x4 ..\obj\xcore.o
 .text.xCPUwfe  0x00000000        0x4 ..\obj\xcore.o
 .text.xCPUbasepriSet
                0x00000000        0x8 ..\obj\xcore.o
 .text.xCPUbasepriGet
                0x00000000        0xc ..\obj\xcore.o
 .text.xCPUpspSet
                0x00000000        0x8 ..\obj\xcore.o
 .text.xCPUpspGet
                0x00000000        0xc ..\obj\xcore.o
 .text.xCPUmspSet
                0x00000000        0x8 ..\obj\xcore.o
 .text.xCPUmspGet
                0x00000000        0xc ..\obj\xcore.o
 .text.xIntMasterEnable
                0x00000000       0x10 ..\obj\xcore.o
 .text.xIntMasterDisable
                0x00000000       0x10 ..\obj\xcore.o
 .text.xIntPriorityGroupingSet
                0x00000000       0x30 ..\obj\xcore.o
 .text.xIntPriorityGroupingGet
                0x00000000       0x50 ..\obj\xcore.o
 .text.xIntPrioritySet
                0x00000000       0x78 ..\obj\xcore.o
 .text.xIntPriorityGet
                0x00000000       0x44 ..\obj\xcore.o
 .text.xIntEnable
                0x00000000       0xf4 ..\obj\xcore.o
 .text.xIntDisable
                0x00000000       0xe4 ..\obj\xcore.o
 .text.xIntPendSet
                0x00000000       0xcc ..\obj\xcore.o
 .text.xIntPendClear
                0x00000000       0xb8 ..\obj\xcore.o
 .text.xIntPriorityMaskSet
                0x00000000       0x18 ..\obj\xcore.o
 .text.xIntPriorityMaskGet
                0x00000000       0x10 ..\obj\xcore.o
 .text.xSysTickEnable
                0x00000000       0x1c ..\obj\xcore.o
 .text.xSysTickDisable
                0x00000000       0x1c ..\obj\xcore.o
 .text.xSysTickClkSrcSelect
                0x00000000       0x40 ..\obj\xcore.o
 .text.xSysTickIntEnable
                0x00000000       0x1c ..\obj\xcore.o
 .text.xSysTickIntDisable
                0x00000000       0x1c ..\obj\xcore.o
 .text.xSysTickPeriodSet
                0x00000000       0x20 ..\obj\xcore.o
 .text.xSysTickPeriodGet
                0x00000000       0x18 ..\obj\xcore.o
 .text.xSysTickValueGet
                0x00000000       0x14 ..\obj\xcore.o
 .text.xSysTickCalibrGet
                0x00000000       0x14 ..\obj\xcore.o
 .text.xSysTickIntCallbackInit
                0x00000000       0x30 ..\obj\xcore.o
 .text          0x00000000        0x0 ..\obj\xgpio.o
 .data          0x00000000        0x0 ..\obj\xgpio.o
 .text.GPIOPinToPeripheralId
                0x00000000       0x78 ..\obj\xgpio.o
 .text.GPIOPinToPort
                0x00000000       0x18 ..\obj\xgpio.o
 .text.GPIOPinToPin
                0x00000000       0x18 ..\obj\xgpio.o
 .text.xGPIODirModeGet
                0x00000000       0x1c ..\obj\xgpio.o
 .text.xGPIOPinIntCallbackInit
                0x00000000       0x5c ..\obj\xgpio.o
 .text.xGPIOPinIntEnable
                0x00000000       0x6c ..\obj\xgpio.o
 .text.xGPIOPinIntDisable
                0x00000000       0x54 ..\obj\xgpio.o
 .text.xGPIOPinIntClear
                0x00000000       0x54 ..\obj\xgpio.o
 .text.xGPIOPinRead
                0x00000000       0x2c ..\obj\xgpio.o
 .text.xGPIOPinWrite
                0x00000000       0x30 ..\obj\xgpio.o
 .text.GPIOPinSet
                0x00000000       0x2c ..\obj\xgpio.o
 .text.GPIOPinClr
                0x00000000       0x2c ..\obj\xgpio.o
 .text.GPIOPinRead
                0x00000000       0x2c ..\obj\xgpio.o
 .text.GPIOPortRead
                0x00000000       0x28 ..\obj\xgpio.o
 .text.GPIOPortWrite
                0x00000000       0x2c ..\obj\xgpio.o
 .text.GPIOPinIntCfg
                0x00000000       0xa4 ..\obj\xgpio.o
 .text.GPIOPinIntEnable
                0x00000000       0x1c ..\obj\xgpio.o
 .text.GPIOPinIntDisable
                0x00000000       0x1c ..\obj\xgpio.o
 .text.GPIOPinIntFlagGet
                0x00000000       0xa8 ..\obj\xgpio.o
 .text.GPIOPinIntFlagClear
                0x00000000       0x54 ..\obj\xgpio.o
 .text          0x00000000        0x0 ..\obj\xadc.o
 .data          0x00000000       0x20 ..\obj\xadc.o
 .text.xADCIntCallbackInit
                0x00000000       0x20 ..\obj\xadc.o
 .text.ADCInit  0x00000000       0x64 ..\obj\xadc.o
 .text.ADCStart
                0x00000000       0x98 ..\obj\xadc.o
 .text.ADCStop  0x00000000       0x2c ..\obj\xadc.o
 .text.ADCIntEnable
                0x00000000       0x40 ..\obj\xadc.o
 .text.ADCIntDisable
                0x00000000       0x44 ..\obj\xadc.o
 .text.ADCStatusCheck
                0x00000000       0x60 ..\obj\xadc.o
 .text.ADCDataRead
                0x00000000      0x198 ..\obj\xadc.o
 .text.xADCDataGet
                0x00000000       0x88 ..\obj\xadc.o
 .text.xADCConfigure
                0x00000000       0x38 ..\obj\xadc.o
 .text.xADCStepConfigure
                0x00000000       0x34 ..\obj\xadc.o
 .text.xADCEnable
                0x00000000       0x64 ..\obj\xadc.o
 .text          0x00000000        0x0 ..\obj\main.o
 .data          0x00000000        0x0 ..\obj\main.o
 .bss           0x00000000        0x0 ..\obj\main.o
 .text          0x00000000        0x0 ..\obj\xwdt.o
 .data          0x00000000        0x0 ..\obj\xwdt.o
 .text.WDTIntCallbackInit
                0x00000000       0x24 ..\obj\xwdt.o
 .text.WDTCfg   0x00000000       0xf0 ..\obj\xwdt.o
 .text.WDTFeed  0x00000000       0x20 ..\obj\xwdt.o
 .text.WDTEnable
                0x00000000       0x30 ..\obj\xwdt.o
 .text.WDTDisable
                0x00000000       0x30 ..\obj\xwdt.o
 .text.WDTStatusFlagGet
                0x00000000       0x14 ..\obj\xwdt.o
 .text.WDTStatusFlagCheck
                0x00000000       0x2c ..\obj\xwdt.o
 .text.WDTStatusFlagClear
                0x00000000       0x38 ..\obj\xwdt.o
 .text.xWDTInit
                0x00000000       0x28 ..\obj\xwdt.o
 .text.xWDTFunctionEnable
                0x00000000       0x2c ..\obj\xwdt.o
 .text.xWDTFunctionDisable
                0x00000000       0x34 ..\obj\xwdt.o
 .text          0x00000000        0x0 ..\obj\xsysctl.o
 .data          0x00000000        0x0 ..\obj\xsysctl.o
 .rodata        0x00000000      0x180 ..\obj\xsysctl.o
 .text.SysCtlExtIntCfg
                0x00000000      0x138 ..\obj\xsysctl.o
 .text.SysCtlExtIntFlagGet
                0x00000000       0x14 ..\obj\xsysctl.o
 .text.SysCtlExtIntFlagCheck
                0x00000000       0x38 ..\obj\xsysctl.o
 .text.SysCtlExtIntFlagClear
                0x00000000       0x24 ..\obj\xsysctl.o
 .text.SysCtlResetFlagGet
                0x00000000       0x14 ..\obj\xsysctl.o
 .text.SysCtlResetFlagCheck
                0x00000000       0x38 ..\obj\xsysctl.o
 .text.SysCtlResetFlagClear
                0x00000000       0x24 ..\obj\xsysctl.o
 .text.SysCtlPeripheralClockSourceSet
                0x00000000       0x90 ..\obj\xsysctl.o
 .text.SysCtlPeripheralClockGet
                0x00000000       0xcc ..\obj\xsysctl.o
 .text.SysCtlPeripheralReset
                0x00000000       0x14 ..\obj\xsysctl.o
 .text.SysCtlPeripheralDisable
                0x00000000       0x3c ..\obj\xsysctl.o
 .text.SysCtlPeripheralReset2
                0x00000000       0x7c ..\obj\xsysctl.o
 .text.SysCtlPeripheralEnable2
                0x00000000       0x7c ..\obj\xsysctl.o
 .text.SysCtlPeripheralDisable2
                0x00000000       0x7c ..\obj\xsysctl.o
 .text.SysCtlPeripheraIntNumGet
                0x00000000       0x7c ..\obj\xsysctl.o
 .text.SysCtlClockGet
                0x00000000       0x14 ..\obj\xsysctl.o
 .text.SysCtlHClockGet
                0x00000000       0x14 ..\obj\xsysctl.o
 .text.SysCtlPwrCfg
                0x00000000       0xb8 ..\obj\xsysctl.o
 .text.SysCtlPwrFlagCheck
                0x00000000       0x3c ..\obj\xsysctl.o
 .text.SysCtlPwrFlagClear
                0x00000000       0x30 ..\obj\xsysctl.o
 .text.SysCtlBODCfg
                0x00000000       0x54 ..\obj\xsysctl.o
 .text.SysCtlReset
                0x00000000       0x14 ..\obj\xsysctl.o
 .text.SysCtlMCOCfg
                0x00000000       0x1c ..\obj\xsysctl.o
 .text.SysCtlMCOEnable
                0x00000000       0x1c ..\obj\xsysctl.o
 .text.SysCtlMCODisable
                0x00000000       0x1c ..\obj\xsysctl.o
 .text.SysCtlMCOStatusGet
                0x00000000       0x28 ..\obj\xsysctl.o
 .text          0x00000000        0x0 ..\obj\xspi.o
 .data          0x00000000        0x0 ..\obj\xspi.o
 .text.SPIIntCallbackInit
                0x00000000       0x24 ..\obj\xspi.o
 .text.SPIStatCheck
                0x00000000       0x30 ..\obj\xspi.o
 .text.SPIStatGet
                0x00000000       0x1c ..\obj\xspi.o
 .text.SPIStatFlagClear
                0x00000000       0x38 ..\obj\xspi.o
 .text.SPIDataReadWrite
                0x00000000       0x44 ..\obj\xspi.o
 .text.SPICfg   0x00000000       0x90 ..\obj\xspi.o
 .text.SPIIntEnable
                0x00000000       0x20 ..\obj\xspi.o
 .text.SPIIntDisable
                0x00000000       0x20 ..\obj\xspi.o
 .text.SPIIntFlagGet
                0x00000000       0x1c ..\obj\xspi.o
 .text.SPIIntFlagCheck
                0x00000000       0x30 ..\obj\xspi.o
 .text.SPIIntFlagClear
                0x00000000       0x28 ..\obj\xspi.o
 .text.xSPIBitLengthGet
                0x00000000       0x4c ..\obj\xspi.o
 .text.xSPIDataRead
                0x00000000       0x4c ..\obj\xspi.o
 .text.xSPIDataWrite
                0x00000000       0x48 ..\obj\xspi.o
 .text.xSPIDataPut
                0x00000000       0x3c ..\obj\xspi.o
 .text.xSPIDataPutNonBlocking
                0x00000000       0x28 ..\obj\xspi.o
 .text.xSPIDataGet
                0x00000000       0x3c ..\obj\xspi.o
 .text.xSPIDataGetNonBlocking
                0x00000000       0x28 ..\obj\xspi.o
 .text          0x00000000        0x0 ..\obj\xi2c.o
 .data          0x00000000        0x0 ..\obj\xi2c.o
 .text.I2CIntCallbackInit
                0x00000000       0x64 ..\obj\xi2c.o
 .text.I2CMasterInit
                0x00000000       0xa4 ..\obj\xi2c.o
 .text.I2CSlaveInit
                0x00000000       0x60 ..\obj\xi2c.o
 .text.I2CEnable
                0x00000000       0x1c ..\obj\xi2c.o
 .text.I2CDisable
                0x00000000       0x20 ..\obj\xi2c.o
 .text.I2CStartSend
                0x00000000       0x40 ..\obj\xi2c.o
 .text.I2CStopSend
                0x00000000       0x40 ..\obj\xi2c.o
 .text.I2CGeneralCallEnable
                0x00000000       0xa4 ..\obj\xi2c.o
 .text.I2CGeneralCallDisable
                0x00000000       0xa4 ..\obj\xi2c.o
 .text.I2CSlaveAddrSet
                0x00000000      0x124 ..\obj\xi2c.o
 .text.I2CDataRead
                0x00000000       0x1c ..\obj\xi2c.o
 .text.I2CDataWrite
                0x00000000       0x20 ..\obj\xi2c.o
 .text.I2CStatusGet
                0x00000000       0x1c ..\obj\xi2c.o
 .text.I2CIntEnable
                0x00000000       0x54 ..\obj\xi2c.o
 .text.I2CIntDisable
                0x00000000       0x54 ..\obj\xi2c.o
 .text.I2CMasterWriteRequestS1
                0x00000000       0xc0 ..\obj\xi2c.o
 .text.I2CMasterWriteRequestS2
                0x00000000       0x84 ..\obj\xi2c.o
 .text.I2CMasterWriteS1
                0x00000000       0x24 ..\obj\xi2c.o
 .text.I2CMasterWriteS2
                0x00000000       0x24 ..\obj\xi2c.o
 .text.I2CMasterWriteBufS1
                0x00000000       0xe4 ..\obj\xi2c.o
 .text.I2CMasterWriteBufS2
                0x00000000       0xa8 ..\obj\xi2c.o
 .text.I2CMasterReadRequestS1
                0x00000000       0xfc ..\obj\xi2c.o
 .text.I2CMasterReadRequestS2
                0x00000000       0x98 ..\obj\xi2c.o
 .text.I2CMasterReadLastRequestS2
                0x00000000       0x44 ..\obj\xi2c.o
 .text.I2CMasterReadS1
                0x00000000       0x30 ..\obj\xi2c.o
 .text.I2CMasterReadS2
                0x00000000       0x30 ..\obj\xi2c.o
 .text.I2CMasterReadBufS1
                0x00000000      0x158 ..\obj\xi2c.o
 .text.I2CMasterReadBufS2
                0x00000000       0xf8 ..\obj\xi2c.o
 .text.I2CBusBusyStatus
                0x00000000       0x2c ..\obj\xi2c.o
 .text          0x00000000        0x0 ..\obj\xrtc.o
 .data          0x00000000        0x0 ..\obj\xrtc.o
 .text.RTCIntCallbackInit
                0x00000000       0x1c ..\obj\xrtc.o
 .text.RTCTimeSet
                0x00000000      0x134 ..\obj\xrtc.o
 .text.RTCTimeGet
                0x00000000       0xc0 ..\obj\xrtc.o
 .text.RTCAlarmSet
                0x00000000      0x134 ..\obj\xrtc.o
 .text.RTCAlarmGet
                0x00000000       0xc0 ..\obj\xrtc.o
 .text.RTCGenRegWrite
                0x00000000       0x24 ..\obj\xrtc.o
 .text.RTCGenRegRead
                0x00000000       0x20 ..\obj\xrtc.o
 .text.RTCIntFlagGet
                0x00000000       0x14 ..\obj\xrtc.o
 .text.RTCIntFlagCheck
                0x00000000       0x30 ..\obj\xrtc.o
 .text.RTCIntFlagClear
                0x00000000       0x24 ..\obj\xrtc.o
 .text.RTCEnable
                0x00000000       0x1c ..\obj\xrtc.o
 .text.RTCDisable
                0x00000000       0x1c ..\obj\xrtc.o
 .text.RTCCounterReset
                0x00000000       0x28 ..\obj\xrtc.o
 .text.RTCCaliEnable
                0x00000000       0x1c ..\obj\xrtc.o
 .text.RTCCaliDisable
                0x00000000       0x1c ..\obj\xrtc.o
 .text.RTCIntCfg
                0x00000000       0x90 ..\obj\xrtc.o
 .text.xRTCIntEnable
                0x00000000       0x34 ..\obj\xrtc.o
 .text.xRTCIntDisable
                0x00000000       0x34 ..\obj\xrtc.o
 .text.xRTCTimeRead
                0x00000000       0x28 ..\obj\xrtc.o
 .text.xRTCTimeWrite
                0x00000000       0x28 ..\obj\xrtc.o
 .text          0x00000000        0x0 ..\obj\xpwm.o
 .data          0x00000000        0x0 ..\obj\xpwm.o
 .text.xPWMIntCallbackInit
                0x00000000       0x20 ..\obj\xpwm.o
 .text.PWMPrescaleValueSet
                0x00000000       0x20 ..\obj\xpwm.o
 .text.PWMIntStatusClear
                0x00000000       0x24 ..\obj\xpwm.o
 .text.PWMIntStatusGet
                0x00000000       0x1c ..\obj\xpwm.o
 .text.PWMIntStatusCheck
                0x00000000       0x30 ..\obj\xpwm.o
 .text.PWMCounterEnable
                0x00000000       0x24 ..\obj\xpwm.o
 .text.PWMCounterDisable
                0x00000000       0x24 ..\obj\xpwm.o
 .text.PWMStart
                0x00000000       0x20 ..\obj\xpwm.o
 .text.PWMStop  0x00000000       0x20 ..\obj\xpwm.o
 .text.PWMCounterReset
                0x00000000       0x30 ..\obj\xpwm.o
 .text.PWMMatchCfg
                0x00000000       0x78 ..\obj\xpwm.o
 .text.PWMMatchUpdate
                0x00000000      0x190 ..\obj\xpwm.o
 .text.PWMOutPutEnable
                0x00000000       0x28 ..\obj\xpwm.o
 .text.PWMOutPutDisable
                0x00000000       0x2c ..\obj\xpwm.o
 .text.PWMEdgeCfg
                0x00000000       0x4c ..\obj\xpwm.o
 .text.PWMCapCfg
                0x00000000       0x4c ..\obj\xpwm.o
 .text.PWMCapValueGet
                0x00000000       0x3c ..\obj\xpwm.o
 .text.xPWMIntEnable
                0x00000000      0x190 ..\obj\xpwm.o
 .text.xPWMIntDisable
                0x00000000      0x190 ..\obj\xpwm.o
 .text.xPWMInitConfigure
                0x00000000      0x1e4 ..\obj\xpwm.o
 .text.xPWMFrequencyConfig
                0x00000000       0x30 ..\obj\xpwm.o
 .text.xPWMFrequencySet
                0x00000000       0x50 ..\obj\xpwm.o
 .text.xPWMFrequencyGet
                0x00000000       0x20 ..\obj\xpwm.o
 .text.xPWMStart
                0x00000000       0x20 ..\obj\xpwm.o
 .text.xPWMStop
                0x00000000       0x20 ..\obj\xpwm.o
 .text          0x00000000        0x0 ..\obj\xtimer.o
 .data          0x00000000        0x0 ..\obj\xtimer.o
 .text.TimerIntCallbackInit
                0x00000000       0x6c ..\obj\xtimer.o
 .text.TimerInitConfig
                0x00000000      0x134 ..\obj\xtimer.o
 .text.TimerIntStatusGet
                0x00000000       0x18 ..\obj\xtimer.o
 .text.TimerIntStatusCheck
                0x00000000       0x2c ..\obj\xtimer.o
 .text.TimerIntStatusClear
                0x00000000       0x20 ..\obj\xtimer.o
 .text.TimerStart
                0x00000000       0x28 ..\obj\xtimer.o
 .text.TimerStop
                0x00000000       0x28 ..\obj\xtimer.o
 .text.TimerReset
                0x00000000       0x3c ..\obj\xtimer.o
 .text.TimerPrescaleSet
                0x00000000       0x20 ..\obj\xtimer.o
 .text.TimerPrescaleGet
                0x00000000       0x1c ..\obj\xtimer.o
 .text.TimerLoadSet
                0x00000000       0x20 ..\obj\xtimer.o
 .text.TimerLoadGet
                0x00000000       0x1c ..\obj\xtimer.o
 .text.TimerMatchValueSet
                0x00000000       0x7c ..\obj\xtimer.o
 .text.TimerMatchValueGet
                0x00000000       0x74 ..\obj\xtimer.o
 .text.TimerValueGet
                0x00000000       0x1c ..\obj\xtimer.o
 .text.TimerMatchCfg
                0x00000000      0x160 ..\obj\xtimer.o
 .text.TimerCaptureCfg
                0x00000000       0x7c ..\obj\xtimer.o
 .text.TimerCapValueGet
                0x00000000       0x38 ..\obj\xtimer.o
 .text.TimerCounterCfg
                0x00000000       0x2c ..\obj\xtimer.o
 .text.xTimerIntEnable
                0x00000000       0x64 ..\obj\xtimer.o
 .text.xTimerIntDisable
                0x00000000       0x64 ..\obj\xtimer.o
 .text.xTimerStatusGet
                0x00000000       0x44 ..\obj\xtimer.o
 .text.xTimerCaptureEdgeSelect
                0x00000000       0x28 ..\obj\xtimer.o
 .text.xTimerCounterDetectPhaseSelect
                0x00000000       0x38 ..\obj\xtimer.o
 .text          0x00000000        0x0 ..\obj\xuart.o
 .data          0x00000000        0x0 ..\obj\xuart.o
 .text.UARTIntCallbackInit
                0x00000000       0x74 ..\obj\xuart.o
 .text.UartSetDivisors
                0x00000000      0x2f0 ..\obj\xuart.o
 .text.UARTByteRead
                0x00000000       0x50 ..\obj\xuart.o
 .text.UARTByteWrite
                0x00000000       0x50 ..\obj\xuart.o
 .text.UARTByteReadNoBlocking
                0x00000000       0x44 ..\obj\xuart.o
 .text.UARTByteWriteNoBlocking
                0x00000000       0x58 ..\obj\xuart.o
 .text.UARTStrSend
                0x00000000       0x30 ..\obj\xuart.o
 .text.UARTBufWrite
                0x00000000       0x44 ..\obj\xuart.o
 .text.UARTBufRead
                0x00000000       0x44 ..\obj\xuart.o
 .text.UARTIntEnable
                0x00000000       0x3c ..\obj\xuart.o
 .text.UARTIntDisable
                0x00000000       0x2c ..\obj\xuart.o
 .text.UARTIntStatusGet
                0x00000000       0x1c ..\obj\xuart.o
 .text.UARTIntStatusCheck
                0x00000000       0x98 ..\obj\xuart.o
 .text.UARTIntFlagClear
                0x00000000       0x44 ..\obj\xuart.o
 .text.UARTFIFOCfg
                0x00000000       0x50 ..\obj\xuart.o
 .text.UARTTransStart
                0x00000000       0x28 ..\obj\xuart.o
 .text.UARTTransStop
                0x00000000       0x28 ..\obj\xuart.o
 .text.UARTStatGet
                0x00000000       0x1c ..\obj\xuart.o
 .text.UARTStatCheck
                0x00000000       0x30 ..\obj\xuart.o
 .text.UARTIrDACfg
                0x00000000       0x50 ..\obj\xuart.o
 .text.UARTIrDAEnable
                0x00000000       0x28 ..\obj\xuart.o
 .text.UARTIrDADisable
                0x00000000       0x28 ..\obj\xuart.o
 .text.UARTCfg  0x00000000       0x58 ..\obj\xuart.o
 .text.UARTModemCfg
                0x00000000       0x50 ..\obj\xuart.o
 .text.UARTRS485Cfg
                0x00000000       0x50 ..\obj\xuart.o
 .text.UARTRS485AddrSet
                0x00000000       0x20 ..\obj\xuart.o
 .text.UARTRS485DlyTimeSet
                0x00000000       0x20 ..\obj\xuart.o
 .text.UARTModemStatGet
                0x00000000       0x1c ..\obj\xuart.o
 .text.UARTModemStatCheck
                0x00000000       0x30 ..\obj\xuart.o
 .text          0x00000000       0x2c d:/sourcery2013/bin/../lib/gcc/arm-none-eabi/4.7.3/thumb2\libgcc.a(_aeabi_uldivmod.o)
 .data          0x00000000        0x0 d:/sourcery2013/bin/../lib/gcc/arm-none-eabi/4.7.3/thumb2\libgcc.a(_aeabi_uldivmod.o)
 .bss           0x00000000        0x0 d:/sourcery2013/bin/../lib/gcc/arm-none-eabi/4.7.3/thumb2\libgcc.a(_aeabi_uldivmod.o)
 .debug_frame   0x00000000       0x28 d:/sourcery2013/bin/../lib/gcc/arm-none-eabi/4.7.3/thumb2\libgcc.a(_aeabi_uldivmod.o)
 .ARM.attributes
                0x00000000       0x19 d:/sourcery2013/bin/../lib/gcc/arm-none-eabi/4.7.3/thumb2\libgcc.a(_aeabi_uldivmod.o)
 .text          0x00000000       0x60 d:/sourcery2013/bin/../lib/gcc/arm-none-eabi/4.7.3/thumb2\libgcc.a(bpabi.o)
 .data          0x00000000        0x0 d:/sourcery2013/bin/../lib/gcc/arm-none-eabi/4.7.3/thumb2\libgcc.a(bpabi.o)
 .bss           0x00000000        0x0 d:/sourcery2013/bin/../lib/gcc/arm-none-eabi/4.7.3/thumb2\libgcc.a(bpabi.o)
 .ARM.attributes
                0x00000000       0x29 d:/sourcery2013/bin/../lib/gcc/arm-none-eabi/4.7.3/thumb2\libgcc.a(bpabi.o)
 .debug_frame   0x00000000       0x54 d:/sourcery2013/bin/../lib/gcc/arm-none-eabi/4.7.3/thumb2\libgcc.a(bpabi.o)
 .text          0x00000000        0x4 d:/sourcery2013/bin/../lib/gcc/arm-none-eabi/4.7.3/thumb2\libgcc.a(_dvmd_tls.o)
 .data          0x00000000        0x0 d:/sourcery2013/bin/../lib/gcc/arm-none-eabi/4.7.3/thumb2\libgcc.a(_dvmd_tls.o)
 .bss           0x00000000        0x0 d:/sourcery2013/bin/../lib/gcc/arm-none-eabi/4.7.3/thumb2\libgcc.a(_dvmd_tls.o)
 .ARM.attributes
                0x00000000       0x19 d:/sourcery2013/bin/../lib/gcc/arm-none-eabi/4.7.3/thumb2\libgcc.a(_dvmd_tls.o)
 .text          0x00000000      0x36c d:/sourcery2013/bin/../lib/gcc/arm-none-eabi/4.7.3/thumb2\libgcc.a(_divdi3.o)
 .data          0x00000000        0x0 d:/sourcery2013/bin/../lib/gcc/arm-none-eabi/4.7.3/thumb2\libgcc.a(_divdi3.o)
 .bss           0x00000000        0x0 d:/sourcery2013/bin/../lib/gcc/arm-none-eabi/4.7.3/thumb2\libgcc.a(_divdi3.o)
 .ARM.extab     0x00000000        0x0 d:/sourcery2013/bin/../lib/gcc/arm-none-eabi/4.7.3/thumb2\libgcc.a(_divdi3.o)
 .ARM.exidx     0x00000000        0x8 d:/sourcery2013/bin/../lib/gcc/arm-none-eabi/4.7.3/thumb2\libgcc.a(_divdi3.o)
 .ARM.attributes
                0x00000000       0x29 d:/sourcery2013/bin/../lib/gcc/arm-none-eabi/4.7.3/thumb2\libgcc.a(_divdi3.o)
 .debug_frame   0x00000000       0x38 d:/sourcery2013/bin/../lib/gcc/arm-none-eabi/4.7.3/thumb2\libgcc.a(_divdi3.o)
 .text          0x00000000      0x314 d:/sourcery2013/bin/../lib/gcc/arm-none-eabi/4.7.3/thumb2\libgcc.a(_udivdi3.o)
 .data          0x00000000        0x0 d:/sourcery2013/bin/../lib/gcc/arm-none-eabi/4.7.3/thumb2\libgcc.a(_udivdi3.o)
 .bss           0x00000000        0x0 d:/sourcery2013/bin/../lib/gcc/arm-none-eabi/4.7.3/thumb2\libgcc.a(_udivdi3.o)
 .ARM.extab     0x00000000        0x0 d:/sourcery2013/bin/../lib/gcc/arm-none-eabi/4.7.3/thumb2\libgcc.a(_udivdi3.o)
 .ARM.exidx     0x00000000        0x8 d:/sourcery2013/bin/../lib/gcc/arm-none-eabi/4.7.3/thumb2\libgcc.a(_udivdi3.o)
 .ARM.attributes
                0x00000000       0x29 d:/sourcery2013/bin/../lib/gcc/arm-none-eabi/4.7.3/thumb2\libgcc.a(_udivdi3.o)
 .debug_frame   0x00000000       0x38 d:/sourcery2013/bin/../lib/gcc/arm-none-eabi/4.7.3/thumb2\libgcc.a(_udivdi3.o)
 .text          0x00000000      0x278 d:/sourcery2013/bin/../lib/gcc/arm-none-eabi/4.7.3/thumb2\libgcc.a(_udivsi3.o)
 .data          0x00000000        0x0 d:/sourcery2013/bin/../lib/gcc/arm-none-eabi/4.7.3/thumb2\libgcc.a(_udivsi3.o)
 .bss           0x00000000        0x0 d:/sourcery2013/bin/../lib/gcc/arm-none-eabi/4.7.3/thumb2\libgcc.a(_udivsi3.o)
 .debug_frame   0x00000000       0x20 d:/sourcery2013/bin/../lib/gcc/arm-none-eabi/4.7.3/thumb2\libgcc.a(_udivsi3.o)
 .ARM.attributes
                0x00000000       0x19 d:/sourcery2013/bin/../lib/gcc/arm-none-eabi/4.7.3/thumb2\libgcc.a(_udivsi3.o)

Memory Configuration

Name             Origin             Length             Attributes
rom              0x00000000         0x00040000         xr
ram              0x10000000         0x00008000         xrw
ram1             0x2007c000         0x00008000         xrw
*default*        0x00000000         0xffffffff

Linker script and memory map

                0x10008000                _eram = 0x10008000

.text           0x00000000      0xd74
 *(.isr_vector .isr_vector.*)
 .isr_vector    0x00000000       0xe4 ..\obj\startup_coide.o
                0x00000000                g_pfnVectors
 *(.text .text.* .gnu.linkonce.t.*)
 .text.Default_ResetHandler
                0x000000e4       0x70 ..\obj\startup_coide.o
                0x000000e4                ResetHandler
                0x000000e4                Default_ResetHandler
 .text.DefaultIntHandler
                0x00000154        0x8 ..\obj\startup_coide.o
                0x00000154                SSP1IntHandler
                0x00000154                CANIntHandler
                0x00000154                SSP2IntHandler
                0x00000154                I2SIntHandler
                0x00000154                EINT1IntHandler
                0x00000154                GPIOIntHandler
                0x00000154                BODIntHandler
                0x00000154                SSP0IntHandler
                0x00000154                PLL1IntHandler
                0x00000154                CANActivityIntHandler
                0x00000154                PWM0IntHandler
                0x00000154                EINT2IntHandler
                0x00000154                HardFaultIntHandler
                0x00000154                LCDIntHandler
                0x00000154                PendSVIntHandler
                0x00000154                DMAIntHandler
                0x00000154                BusFaultIntHandler
                0x00000154                NMIIntHandler
                0x00000154                EINT0IntHandler
                0x00000154                EEPROMIntHandler
                0x00000154                QEIIntHandler
                0x00000154                USBIntHandler
                0x00000154                USBActivityIntHandler
                0x00000154                UsageFaultIntHandler
                0x00000154                MemManageIntHandler
                0x00000154                ENETIntHandler
                0x00000154                PLL0IntHandler
                0x00000154                UART4IntHandler
                0x00000154                SVCIntHandler
                0x00000154                RITIntHandler
                0x00000154                MCPWMIntHandler
                0x00000154                DebugMonIntHandler
 .text.SysTickIntHandler
                0x0000015c       0x2c ..\obj\xcore.o
                0x0000015c                SysTickIntHandler
 .text.EINT3IntHandler
                0x00000188       0x54 ..\obj\xgpio.o
                0x00000188                EINT3IntHandler
 .text.PinIDToPos
                0x000001dc       0x54 ..\obj\xgpio.o
 .text.xGPIODirModeSet
                0x00000230       0x60 ..\obj\xgpio.o
                0x00000230                xGPIODirModeSet
 .text.GPIOPinFunCfg
                0x00000290       0xe0 ..\obj\xgpio.o
                0x00000290                GPIOPinFunCfg
 .text.GPIOPinModeCfg
                0x00000370      0x1ec ..\obj\xgpio.o
                0x00000370                GPIOPinModeCfg
 .text.GPIOPinWrite
                0x0000055c       0x40 ..\obj\xgpio.o
                0x0000055c                GPIOPinWrite
 .text.ADCIntHandler
                0x0000059c       0x2c ..\obj\xadc.o
                0x0000059c                ADCIntHandler
 .text.GPIO_Example_LED_Blink
                0x000005c8       0x80 ..\obj\main.o
                0x000005c8                GPIO_Example_LED_Blink
 .text.main     0x00000648       0x10 ..\obj\main.o
                0x00000648                main
 .text.WDTIntHandler
                0x00000658       0x2c ..\obj\xwdt.o
                0x00000658                WDTIntHandler
 .text.PLLMNCal
                0x00000684      0x170 ..\obj\xsysctl.o
 .text.SysCtlDelay
                0x000007f4        0x8 ..\obj\xsysctl.o
                0x000007f4                SysCtlDelay
 .text.SysCtlClockSet
                0x000007fc      0x308 ..\obj\xsysctl.o
                0x000007fc                SysCtlClockSet
 .text.SysCtlPeripheralEnable
                0x00000b04       0x38 ..\obj\xsysctl.o
                0x00000b04                SysCtlPeripheralEnable
 .text.SPIIntHandler
                0x00000b3c       0x2c ..\obj\xspi.o
                0x00000b3c                SPIIntHandler
 .text.I2C0IntHandler
                0x00000b68       0x2c ..\obj\xi2c.o
                0x00000b68                I2C0IntHandler
 .text.I2C1IntHandler
                0x00000b94       0x2c ..\obj\xi2c.o
                0x00000b94                I2C1IntHandler
 .text.I2C2IntHandler
                0x00000bc0       0x2c ..\obj\xi2c.o
                0x00000bc0                I2C2IntHandler
 .text.RTCIntHandler
                0x00000bec       0x2c ..\obj\xrtc.o
                0x00000bec                RTCIntHandler
 .text.PWM1IntHandler
                0x00000c18       0x2c ..\obj\xpwm.o
                0x00000c18                PWM1IntHandler
 .text.TIMER0IntHandler
                0x00000c44       0x2c ..\obj\xtimer.o
                0x00000c44                TIMER0IntHandler
 .text.TIMER1IntHandler
                0x00000c70       0x2c ..\obj\xtimer.o
                0x00000c70                TIMER1IntHandler
 .text.TIMER2IntHandler
                0x00000c9c       0x2c ..\obj\xtimer.o
                0x00000c9c                TIMER2IntHandler
 .text.TIMER3IntHandler
                0x00000cc8       0x2c ..\obj\xtimer.o
                0x00000cc8                TIMER3IntHandler
 .text.UART0IntHandler
                0x00000cf4       0x20 ..\obj\xuart.o
                0x00000cf4                UART0IntHandler
 .text.UART1IntHandler
                0x00000d14       0x20 ..\obj\xuart.o
                0x00000d14                UART1IntHandler
 .text.UART2IntHandler
                0x00000d34       0x20 ..\obj\xuart.o
                0x00000d34                UART2IntHandler
 .text.UART3IntHandler
                0x00000d54       0x20 ..\obj\xuart.o
                0x00000d54                UART3IntHandler
 *(.glue_7t)
 .glue_7t       0x00000000        0x0 linker stubs
 *(.glue_7)
 .glue_7        0x00000000        0x0 linker stubs
 *(.rodata .rodata* .gnu.linkonce.r.*)

.vfp11_veneer   0x00000d74        0x0
 .vfp11_veneer  0x00000000        0x0 linker stubs

.v4_bx          0x00000d74        0x0
 .v4_bx         0x00000000        0x0 linker stubs

.iplt           0x00000d74        0x0
 .iplt          0x00000000        0x0 ..\obj\startup_coide.o

.rel.dyn        0x00000d74        0x0
 .rel.iplt      0x00000000        0x0 ..\obj\startup_coide.o

.ARM.extab
 *(.ARM.extab* .gnu.linkonce.armextab.*)

.ARM.exidx
 *(.ARM.exidx* .gnu.linkonce.armexidx.*)
                0x00000d74                . = ALIGN (0x4)
                0x00000d74                _etext = .
                0x00000d74                _sidata = .

.data           0x10000000        0x0 load address 0x00000d74
                0x10000000                _sdata = .
 *(.data .data.*)
                0x10000000                . = ALIGN (0x4)
                0x10000000                _edata = .

.igot.plt       0x10000000        0x0
 .igot.plt      0x00000000        0x0 ..\obj\startup_coide.o

.bss            0x10000000      0x164
                0x10000000                _sbss = .
 *(.bss .bss.*)
 .bss           0x10000000        0x4 ..\obj\xcore.o
 .bss           0x10000004      0x100 ..\obj\xgpio.o
 .bss           0x10000104       0x14 ..\obj\xadc.o
 .bss           0x10000118        0x8 ..\obj\xwdt.o
 .bss           0x10000120        0x8 ..\obj\xsysctl.o
 .bss           0x10000128        0x4 ..\obj\xspi.o
 .bss           0x1000012c        0xc ..\obj\xi2c.o
 .bss           0x10000138        0x4 ..\obj\xrtc.o
 .bss           0x1000013c        0x8 ..\obj\xpwm.o
 .bss           0x10000144       0x10 ..\obj\xtimer.o
 .bss           0x10000154       0x10 ..\obj\xuart.o
 *(COMMON)
                0x10000164                . = ALIGN (0x4)
                0x10000164                _ebss = .

.co_stack       0x10000164      0x804
                0x10000168                . = ALIGN (0x8)
 *fill*         0x10000164        0x4 
 *(.co_stack .co_stack.*)
 .co_stack      0x10000168      0x800 ..\obj\startup_coide.o
                0x10000168                pulStack
                0x10000968                . = ALIGN (0x4)
                0x10000968                _end = .
LOAD ..\obj\startup_coide.o
LOAD ..\obj\xdebug.o
LOAD ..\obj\xcore.o
LOAD ..\obj\xgpio.o
LOAD ..\obj\xadc.o
LOAD ..\obj\main.o
LOAD ..\obj\xwdt.o
LOAD ..\obj\xsysctl.o
LOAD ..\obj\xspi.o
LOAD ..\obj\xi2c.o
LOAD ..\obj\xrtc.o
LOAD ..\obj\xpwm.o
LOAD ..\obj\xtimer.o
LOAD ..\obj\xuart.o
START GROUP
LOAD d:/sourcery2013/bin/../lib/gcc/arm-none-eabi/4.7.3/thumb2\libgcc.a
LOAD d:/sourcery2013/bin/../lib/gcc/arm-none-eabi/4.7.3/../../../../arm-none-eabi/lib/thumb2\libc.a
END GROUP
OUTPUT(CoX_Modify.elf elf32-littlearm)

.debug_info     0x00000000     0x4976
 .debug_info    0x00000000      0x11d ..\obj\startup_coide.o
 .debug_info    0x0000011d      0x62b ..\obj\xcore.o
 .debug_info    0x00000748      0x7d3 ..\obj\xgpio.o
 .debug_info    0x00000f1b      0x4b0 ..\obj\xadc.o
 .debug_info    0x000013cb       0xdb ..\obj\main.o
 .debug_info    0x000014a6      0x2d9 ..\obj\xwdt.o
 .debug_info    0x0000177f      0x76d ..\obj\xsysctl.o
 .debug_info    0x00001eec      0x546 ..\obj\xspi.o
 .debug_info    0x00002432      0x956 ..\obj\xi2c.o
 .debug_info    0x00002d88      0x4b3 ..\obj\xrtc.o
 .debug_info    0x0000323b      0x6fa ..\obj\xpwm.o
 .debug_info    0x00003935      0x75e ..\obj\xtimer.o
 .debug_info    0x00004093      0x8e3 ..\obj\xuart.o

.debug_abbrev   0x00000000     0x11df
 .debug_abbrev  0x00000000       0xb2 ..\obj\startup_coide.o
 .debug_abbrev  0x000000b2      0x1cc ..\obj\xcore.o
 .debug_abbrev  0x0000027e      0x167 ..\obj\xgpio.o
 .debug_abbrev  0x000003e5      0x17d ..\obj\xadc.o
 .debug_abbrev  0x00000562       0x78 ..\obj\main.o
 .debug_abbrev  0x000005da      0x165 ..\obj\xwdt.o
 .debug_abbrev  0x0000073f      0x1b2 ..\obj\xsysctl.o
 .debug_abbrev  0x000008f1      0x174 ..\obj\xspi.o
 .debug_abbrev  0x00000a65      0x1a8 ..\obj\xi2c.o
 .debug_abbrev  0x00000c0d      0x190 ..\obj\xrtc.o
 .debug_abbrev  0x00000d9d      0x153 ..\obj\xpwm.o
 .debug_abbrev  0x00000ef0      0x17d ..\obj\xtimer.o
 .debug_abbrev  0x0000106d      0x172 ..\obj\xuart.o

.debug_loc      0x00000000     0x37fe
 .debug_loc     0x00000000       0x64 ..\obj\startup_coide.o
 .debug_loc     0x00000064      0x484 ..\obj\xcore.o
 .debug_loc     0x000004e8      0x5b0 ..\obj\xgpio.o
 .debug_loc     0x00000a98      0x2cc ..\obj\xadc.o
 .debug_loc     0x00000d64       0x64 ..\obj\main.o
 .debug_loc     0x00000dc8      0x264 ..\obj\xwdt.o
 .debug_loc     0x0000102c      0x5f8 ..\obj\xsysctl.o
 .debug_loc     0x00001624      0x41c ..\obj\xspi.o
 .debug_loc     0x00001a40      0x6dc ..\obj\xi2c.o
 .debug_loc     0x0000211c      0x444 ..\obj\xrtc.o
 .debug_loc     0x00002560      0x5a4 ..\obj\xpwm.o
 .debug_loc     0x00002b04      0x5f0 ..\obj\xtimer.o
 .debug_loc     0x000030f4      0x70a ..\obj\xuart.o

.debug_aranges  0x00000000      0x9e8
 .debug_aranges
                0x00000000       0x28 ..\obj\startup_coide.o
 .debug_aranges
                0x00000028      0x128 ..\obj\xcore.o
 .debug_aranges
                0x00000150       0xe8 ..\obj\xgpio.o
 .debug_aranges
                0x00000238       0x80 ..\obj\xadc.o
 .debug_aranges
                0x000002b8       0x28 ..\obj\main.o
 .debug_aranges
                0x000002e0       0x78 ..\obj\xwdt.o
 .debug_aranges
                0x00000358      0x108 ..\obj\xsysctl.o
 .debug_aranges
                0x00000460       0xb0 ..\obj\xspi.o
 .debug_aranges
                0x00000510      0x118 ..\obj\xi2c.o
 .debug_aranges
                0x00000628       0xc0 ..\obj\xrtc.o
 .debug_aranges
                0x000006e8       0xe8 ..\obj\xpwm.o
 .debug_aranges
                0x000007d0       0xf8 ..\obj\xtimer.o
 .debug_aranges
                0x000008c8      0x120 ..\obj\xuart.o

.debug_ranges   0x00000000      0x918
 .debug_ranges  0x00000000       0x18 ..\obj\startup_coide.o
 .debug_ranges  0x00000018      0x118 ..\obj\xcore.o
 .debug_ranges  0x00000130       0xd8 ..\obj\xgpio.o
 .debug_ranges  0x00000208       0x70 ..\obj\xadc.o
 .debug_ranges  0x00000278       0x18 ..\obj\main.o
 .debug_ranges  0x00000290       0x68 ..\obj\xwdt.o
 .debug_ranges  0x000002f8       0xf8 ..\obj\xsysctl.o
 .debug_ranges  0x000003f0       0xa0 ..\obj\xspi.o
 .debug_ranges  0x00000490      0x108 ..\obj\xi2c.o
 .debug_ranges  0x00000598       0xb0 ..\obj\xrtc.o
 .debug_ranges  0x00000648       0xd8 ..\obj\xpwm.o
 .debug_ranges  0x00000720       0xe8 ..\obj\xtimer.o
 .debug_ranges  0x00000808      0x110 ..\obj\xuart.o

.debug_line     0x00000000     0x220d
 .debug_line    0x00000000       0x90 ..\obj\startup_coide.o
 .debug_line    0x00000090      0x386 ..\obj\xcore.o
 .debug_line    0x00000416      0x309 ..\obj\xgpio.o
 .debug_line    0x0000071f      0x1b4 ..\obj\xadc.o
 .debug_line    0x000008d3       0x85 ..\obj\main.o
 .debug_line    0x00000958      0x167 ..\obj\xwdt.o
 .debug_line    0x00000abf      0x442 ..\obj\xsysctl.o
 .debug_line    0x00000f01      0x21a ..\obj\xspi.o
 .debug_line    0x0000111b      0x4db ..\obj\xi2c.o
 .debug_line    0x000015f6      0x27e ..\obj\xrtc.o
 .debug_line    0x00001874      0x2cb ..\obj\xpwm.o
 .debug_line    0x00001b3f      0x313 ..\obj\xtimer.o
 .debug_line    0x00001e52      0x3bb ..\obj\xuart.o

.debug_str      0x00000000     0x193d
 .debug_str     0x00000000       0xbb ..\obj\startup_coide.o
                                 0xcd (size before relaxing)
 .debug_str     0x000000bb      0x39e ..\obj\xcore.o
                                0x3ec (size before relaxing)
 .debug_str     0x00000459      0x217 ..\obj\xgpio.o
                                0x332 (size before relaxing)
 .debug_str     0x00000670      0x179 ..\obj\xadc.o
                                0x277 (size before relaxing)
 .debug_str     0x000007e9       0x49 ..\obj\main.o
                                0x118 (size before relaxing)
 .debug_str     0x00000832      0x10d ..\obj\xwdt.o
                                0x231 (size before relaxing)
 .debug_str     0x0000093f      0x333 ..\obj\xsysctl.o
                                0x43e (size before relaxing)
 .debug_str     0x00000c72      0x190 ..\obj\xspi.o
                                0x2b0 (size before relaxing)
 .debug_str     0x00000e02      0x2ba ..\obj\xi2c.o
                                0x3e7 (size before relaxing)
 .debug_str     0x000010bc      0x1b2 ..\obj\xrtc.o
                                0x2dc (size before relaxing)
 .debug_str     0x0000126e      0x1f1 ..\obj\xpwm.o
                                0x333 (size before relaxing)
 .debug_str     0x0000145f      0x241 ..\obj\xtimer.o
                                0x37f (size before relaxing)
 .debug_str     0x000016a0      0x29d ..\obj\xuart.o
                                0x3ef (size before relaxing)

.comment        0x00000000       0x30
 .comment       0x00000000       0x30 ..\obj\startup_coide.o
                                 0x31 (size before relaxing)
 .comment       0x00000000       0x31 ..\obj\xcore.o
 .comment       0x00000000       0x31 ..\obj\xgpio.o
 .comment       0x00000000       0x31 ..\obj\xadc.o
 .comment       0x00000000       0x31 ..\obj\main.o
 .comment       0x00000000       0x31 ..\obj\xwdt.o
 .comment       0x00000000       0x31 ..\obj\xsysctl.o
 .comment       0x00000000       0x31 ..\obj\xspi.o
 .comment       0x00000000       0x31 ..\obj\xi2c.o
 .comment       0x00000000       0x31 ..\obj\xrtc.o
 .comment       0x00000000       0x31 ..\obj\xpwm.o
 .comment       0x00000000       0x31 ..\obj\xtimer.o
 .comment       0x00000000       0x31 ..\obj\xuart.o

.ARM.attributes
                0x00000000       0x33
 .ARM.attributes
                0x00000000       0x33 ..\obj\startup_coide.o
 .ARM.attributes
                0x00000033       0x33 ..\obj\xcore.o
 .ARM.attributes
                0x00000066       0x33 ..\obj\xgpio.o
 .ARM.attributes
                0x00000099       0x33 ..\obj\xadc.o
 .ARM.attributes
                0x000000cc       0x33 ..\obj\main.o
 .ARM.attributes
                0x000000ff       0x33 ..\obj\xwdt.o
 .ARM.attributes
                0x00000132       0x33 ..\obj\xsysctl.o
 .ARM.attributes
                0x00000165       0x33 ..\obj\xspi.o
 .ARM.attributes
                0x00000198       0x33 ..\obj\xi2c.o
 .ARM.attributes
                0x000001cb       0x33 ..\obj\xrtc.o
 .ARM.attributes
                0x000001fe       0x33 ..\obj\xpwm.o
 .ARM.attributes
                0x00000231       0x33 ..\obj\xtimer.o
 .ARM.attributes
                0x00000264       0x33 ..\obj\xuart.o

.debug_frame    0x00000000     0x1f44
 .debug_frame   0x00000000       0x48 ..\obj\startup_coide.o
 .debug_frame   0x00000048      0x330 ..\obj\xcore.o
 .debug_frame   0x00000378      0x310 ..\obj\xgpio.o
 .debug_frame   0x00000688      0x18c ..\obj\xadc.o
 .debug_frame   0x00000814       0x4c ..\obj\main.o
 .debug_frame   0x00000860      0x15c ..\obj\xwdt.o
 .debug_frame   0x000009bc      0x340 ..\obj\xsysctl.o
 .debug_frame   0x00000cfc      0x234 ..\obj\xspi.o
 .debug_frame   0x00000f30      0x3b8 ..\obj\xi2c.o
 .debug_frame   0x000012e8      0x250 ..\obj\xrtc.o
 .debug_frame   0x00001538      0x2f4 ..\obj\xpwm.o
 .debug_frame   0x0000182c      0x33c ..\obj\xtimer.o
 .debug_frame   0x00001b68      0x3dc ..\obj\xuart.o
